main :: Bool = let x :: Bool = True;
                   y :: Int = 1;
                   z :: () = ();
               in x;