main :: Bool = let x :: Bool = True;
                   y :: Int = 1;
                   z :: () = ();
               in let x :: Int = 0;
                      y :: () = z;
                      z :: Bool = True;
                  in z;