main :: Int = let f :: (Int -> Int -> Int) = (recfun f :: (Int -> Int -> Int) x y = (+) x y);
              in f 1 2;
